warning: unused import: `Arc`
 --> src\config.rs:4:17
  |
4 | use std::sync::{Arc, Mutex};
  |                 ^^^
  |
  = note: `#[warn(unused_imports)]` (part of `#[warn(unused)]`) on by default

warning: unused import: `info`
 --> src\config.rs:5:22
  |
5 | use tracing::{debug, info};
  |                      ^^^^

warning: unused import: `crate::constants::INPUT_CHANNEL_CAPACITY`
   --> src\daemon.rs:840:13
    |
840 |         use crate::constants::INPUT_CHANNEL_CAPACITY;
    |             ^^^^^^^^^^^^^^^^^^^^^^^^^^^^^^^^^^^^^^^^

warning: unused imports: `KeyEvent`, `MouseButton`, `MouseEventType`, and `MouseEvent`
 --> src\platform\windows\input_device.rs:2:17
  |
2 |     InputEvent, KeyEvent, KeyState, ModifierState, MouseButton, MouseEvent,
  |                 ^^^^^^^^                           ^^^^^^^^^^^  ^^^^^^^^^^
3 |     MouseEventType,
  |     ^^^^^^^^^^^^^^

warning: unused import: `trace`
  --> src\platform\windows\input_device.rs:11:22
   |
11 | use tracing::{debug, trace};
   |                      ^^^^^

warning: calls to `std::mem::drop` with a value that implements `Copy` does nothing
   --> src\daemon.rs:475:21
    |
475 |                     drop(i); // 鏄惧紡閲婃斁寮曠敤浠ヤ究 sleep
    |                     ^^^^^-^
    |                          |
    |                          argument has type `usize`
    |
    = note: `#[warn(dropping_copy_types)]` on by default
help: use `let _ = ...` to ignore the expression or result
    |
475 -                     drop(i); // 鏄惧紡閲婃斁寮曠敤浠ヤ究 sleep
475 +                     let _ = i; // 鏄惧紡閲婃斁寮曠敤浠ヤ究 sleep
    |

warning: `wakem` (lib) generated 6 warnings (run `cargo fix --lib -p wakem` to apply 5 suggestions)
   Compiling wakem v0.1.0 (C:\Users\wangq\Scripts\wakem)
warning: unused import: `key_codes::*`
  --> src\types\mod.rs:10:9
   |
10 | pub use key_codes::*;
   |         ^^^^^^^^^^^^

warning: methods `invalidate` and `clear` are never used
    --> src\config.rs:1043:8
     |
1013 | impl ConfigPathCache {
     | -------------------- methods in this implementation
...
1043 |     fn invalidate(&self, instance_id: u32) {
     |        ^^^^^^^^^^
...
1051 |     fn clear(&self) {
     |        ^^^^^
     |
     = note: `#[warn(dead_code)]` (part of `#[warn(unused)]`) on by default

warning: function `invalidate_config_path_cache` is never used
    --> src\config.rs:1115:8
     |
1115 | pub fn invalidate_config_path_cache(instance_id: u32) {
     |        ^^^^^^^^^^^^^^^^^^^^^^^^^^^^

warning: function `clear_config_path_cache` is never used
    --> src\config.rs:1120:8
     |
1120 | pub fn clear_config_path_cache() {
     |        ^^^^^^^^^^^^^^^^^^^^^^^

warning: constant `IPC_BASE_PORT` is never used
 --> src\constants.rs:8:11
  |
8 | pub const IPC_BASE_PORT: u16 = 57427;
  |           ^^^^^^^^^^^^^

warning: constant `IPC_MAX_MESSAGE_SIZE` is never used
  --> src\constants.rs:11:11
   |
11 | pub const IPC_MAX_MESSAGE_SIZE: usize = 1024 * 1024;
   |           ^^^^^^^^^^^^^^^^^^^^

warning: constant `IPC_CONNECTION_TIMEOUT_SECS` is never used
  --> src\constants.rs:14:11
   |
14 | pub const IPC_CONNECTION_TIMEOUT_SECS: u64 = 5;
   |           ^^^^^^^^^^^^^^^^^^^^^^^^^^^

warning: constant `IPC_IDLE_TIMEOUT_SECS` is never used
  --> src\constants.rs:17:11
   |
17 | pub const IPC_IDLE_TIMEOUT_SECS: u64 = 120;
   |           ^^^^^^^^^^^^^^^^^^^^^

warning: constant `IPC_CHANNEL_CAPACITY` is never used
  --> src\constants.rs:20:11
   |
20 | pub const IPC_CHANNEL_CAPACITY: usize = 100;
   |           ^^^^^^^^^^^^^^^^^^^^

warning: constant `INPUT_CHANNEL_CAPACITY` is never used
  --> src\constants.rs:25:11
   |
25 | pub const INPUT_CHANNEL_CAPACITY: usize = 1000;
   |           ^^^^^^^^^^^^^^^^^^^^^^

warning: constant `WINDOW_EVENT_CHANNEL_CAPACITY` is never used
  --> src\constants.rs:28:11
   |
28 | pub const WINDOW_EVENT_CHANNEL_CAPACITY: usize = 100;
   |           ^^^^^^^^^^^^^^^^^^^^^^^^^^^^^

warning: constant `WINDOW_PRESET_APPLY_DELAY_MS` is never used
  --> src\constants.rs:33:11
   |
33 | pub const WINDOW_PRESET_APPLY_DELAY_MS: u64 = 500;
   |           ^^^^^^^^^^^^^^^^^^^^^^^^^^^^

warning: constant `SHUTDOWN_WAIT_DELAY_MS` is never used
  --> src\constants.rs:36:11
   |
36 | pub const SHUTDOWN_WAIT_DELAY_MS: u64 = 500;
   |           ^^^^^^^^^^^^^^^^^^^^^^

warning: constant `WILDCARD_MAX_INPUT_SIZE` is never used
  --> src\constants.rs:41:11
   |
41 | pub const WILDCARD_MAX_INPUT_SIZE: usize = 1024;
   |           ^^^^^^^^^^^^^^^^^^^^^^^

warning: constant `AUTH_CHALLENGE_SIZE` is never used
  --> src\constants.rs:46:11
   |
46 | pub const AUTH_CHALLENGE_SIZE: usize = 32;
   |           ^^^^^^^^^^^^^^^^^^^

warning: constant `AUTH_RESPONSE_SIZE` is never used
  --> src\constants.rs:49:11
   |
49 | pub const AUTH_RESPONSE_SIZE: usize = 32;
   |           ^^^^^^^^^^^^^^^^^^

warning: constant `AUTH_OPERATION_TIMEOUT_SECS` is never used
  --> src\constants.rs:52:11
   |
52 | pub const AUTH_OPERATION_TIMEOUT_SECS: u64 = 5;
   |           ^^^^^^^^^^^^^^^^^^^^^^^^^^^

warning: constant `RATE_LIMIT_MAX_ATTEMPTS` is never used
  --> src\constants.rs:57:11
   |
57 | pub const RATE_LIMIT_MAX_ATTEMPTS: u32 = 5;
   |           ^^^^^^^^^^^^^^^^^^^^^^^

warning: constant `RATE_LIMIT_WINDOW_SECS` is never used
  --> src\constants.rs:60:11
   |
60 | pub const RATE_LIMIT_WINDOW_SECS: u64 = 60;
   |           ^^^^^^^^^^^^^^^^^^^^^^

warning: constant `WHEEL_DELTA` is never used
  --> src\constants.rs:65:11
   |
65 | pub const WHEEL_DELTA: i32 = 120;
   |           ^^^^^^^^^^^

warning: constant `DEFAULT_WHEEL_SPEED` is never used
  --> src\constants.rs:68:11
   |
68 | pub const DEFAULT_WHEEL_SPEED: i32 = 3;
   |           ^^^^^^^^^^^^^^^^^^^

warning: constant `DEFAULT_ACCELERATION_MULTIPLIER` is never used
  --> src\constants.rs:71:11
   |
71 | pub const DEFAULT_ACCELERATION_MULTIPLIER: f32 = 2.0;
   |           ^^^^^^^^^^^^^^^^^^^^^^^^^^^^^^^

warning: constant `DEFAULT_WHEEL_STEP` is never used
  --> src\constants.rs:74:11
   |
74 | pub const DEFAULT_WHEEL_STEP: i32 = 1;
   |           ^^^^^^^^^^^^^^^^^^

warning: methods `is_recording_macro` and `get_auth_key` are never used
   --> src\daemon.rs:631:18
    |
 50 | impl ServerState {
    | ---------------- methods in this implementation
...
631 |     pub async fn is_recording_macro(&self) -> bool {
    |                  ^^^^^^^^^^^^^^^^^^
...
643 |     pub async fn get_auth_key(&self) -> String {
    |                  ^^^^^^^^^^^^

warning: methods `reset`, `clear`, and `tracked_count` are never used
  --> src\ipc\rate_limiter.rs:70:12
   |
21 | impl ConnectionLimiter {
   | ---------------------- methods in this implementation
...
70 |     pub fn reset(&mut self, ip: &IpAddr) {
   |            ^^^^^
...
75 |     pub fn clear(&mut self) {
   |            ^^^^^
...
80 |     pub fn tracked_count(&self) -> usize {
   |            ^^^^^^^^^^^^^

warning: associated function `new` is never used
  --> src\ipc\server.rs:45:12
   |
28 | impl IpcServer {
   | -------------- associated function in this implementation
...
45 |     pub fn new(
   |            ^^^

warning: associated items `with_sender`, `get_sender`, `get_modifier_state`, and `update_modifier_state` are never used
  --> src\platform\windows\input_device.rs:75:12
   |
59 | impl RawInputDevice {
   | ------------------- associated items in this implementation
...
75 |     pub fn with_sender(event_sender: Sender<InputEvent>) -> Result<Self> {
   |            ^^^^^^^^^^^
...
89 |     pub fn get_sender(&self) -> Sender<InputEvent> {
   |            ^^^^^^^^^^
...
94 |     pub fn get_modifier_state(&self) -> &ModifierState {
   |            ^^^^^^^^^^^^^^^^^^
...
99 |     fn update_modifier_state(&mut self, virtual_key: u16, pressed: bool) {
   |        ^^^^^^^^^^^^^^^^^^^^^

warning: methods `send_text` and `send_combo` are never used
   --> src\platform\windows\output_device.rs:325:8
    |
323 | impl SendInputDevice {
    | -------------------- methods in this implementation
324 |     /// 鍙戦€佹枃鏈紙鍐呴儴鏂规硶锛?325 |     fn send_text(&self, text: &str) -> Result<()> {
    |        ^^^^^^^^^
...
336 |     fn send_combo(
    |        ^^^^^^^^^^

warning: function `char_to_vk` is never used
   --> src\platform\windows\output_device.rs:637:4
    |
637 | fn char_to_vk(ch: char) -> Option<u16> {
    |    ^^^^^^^^^^

warning: fields `tray_icon`, `hwnd`, and `active` are never read
  --> src\platform\windows\tray_api.rs:45:5
   |
44 | struct TrayIconInner {
   |        ------------- fields in this struct
45 |     tray_icon: super::tray::TrayIcon,
   |     ^^^^^^^^^
46 |     hwnd: isize,
   |     ^^^^
47 |     active: bool,
   |     ^^^^^^

warning: associated functions `new` and `with_icon_path` are never used
  --> src\platform\windows\tray_api.rs:51:12
   |
50 | impl RealTrayApi {
   | ---------------- associated functions in this implementation
51 |     pub fn new() -> Self {
   |            ^^^
...
61 |     pub fn with_icon_path(icon_path: Option<String>) -> Self {
   |            ^^^^^^^^^^^^^^

warning: struct `MockTrayApi` is never constructed
   --> src\platform\windows\tray_api.rs:128:12
    |
128 | pub struct MockTrayApi {
    |            ^^^^^^^^^^^

warning: struct `MockTrayState` is never constructed
   --> src\platform\windows\tray_api.rs:133:8
    |
133 | struct MockTrayState {
    |        ^^^^^^^^^^^^^

warning: associated function `new` is never used
   --> src\platform\windows\tray_api.rs:149:12
    |
148 | impl MockTrayApi {
    | ---------------- associated function in this implementation
149 |     pub fn new() -> Self {
    |            ^^^

warning: struct `WindowState` is never constructed
  --> src\platform\windows\window_api.rs:87:12
   |
87 | pub struct WindowState {
   |            ^^^^^^^^^^^

warning: methods `is_shutdown_requested` and `run_until_shutdown` are never used
  --> src\shutdown.rs:42:18
   |
17 | impl ShutdownSignal {
   | ------------------- methods in this implementation
...
42 |     pub async fn is_shutdown_requested(&mut self) -> bool {
   |                  ^^^^^^^^^^^^^^^^^^^^^
...
54 |     pub async fn run_until_shutdown<F, T, E>(
   |                  ^^^^^^^^^^^^^^^^^^

warning: method `is_empty` is never used
  --> src\types\mod.rs:46:12
   |
40 | impl ModifierState {
   | ------------------ method in this implementation
...
46 |     pub fn is_empty(&self) -> bool {
   |            ^^^^^^^^

warning: associated function `combo` is never used
  --> src\types\action.rs:65:12
   |
23 | impl KeyAction {
   | -------------- associated function in this implementation
...
65 |     pub fn combo(
   |            ^^^^^

warning: associated items `mouse`, `sequence`, and `is_none` are never used
   --> src\types\action.rs:223:12
    |
216 | impl Action {
    | ----------- associated items in this implementation
...
223 |     pub fn mouse(action: MouseAction) -> Self {
    |            ^^^^^
...
243 |     pub fn sequence(actions: Vec<Action>) -> Self {
    |            ^^^^^^^^
...
253 |     pub fn is_none(&self) -> bool {
    |            ^^^^^^^

warning: methods `with_modifiers`, `injected`, and `modifier_identifier` are never used
  --> src\types\input.rs:37:12
   |
23 | impl KeyEvent {
   | ------------- methods in this implementation
...
37 |     pub fn with_modifiers(mut self, modifiers: ModifierState) -> Self {
   |            ^^^^^^^^^^^^^^
...
43 |     pub fn injected(mut self) -> Self {
   |            ^^^^^^^^
...
60 |     pub fn modifier_identifier(&self) -> Option<&'static str> {
   |            ^^^^^^^^^^^^^^^^^^^

warning: methods `with_modifiers`, `injected`, and `is_button_up` are never used
   --> src\types\input.rs:125:12
    |
112 | impl MouseEvent {
    | --------------- methods in this implementation
...
125 |     pub fn with_modifiers(mut self, modifiers: ModifierState) -> Self {
    |            ^^^^^^^^^^^^^^
...
131 |     pub fn injected(mut self) -> Self {
    |            ^^^^^^^^
...
142 |     pub fn is_button_up(&self, button: MouseButton) -> bool {
    |            ^^^^^^^^^^^^

warning: struct `ScanCode` is never constructed
  --> src\types\key_codes.rs:11:12
   |
11 | pub struct ScanCode(NonZeroU16);
   |            ^^^^^^^^

warning: associated items `new`, `from_option`, `value`, and `is_valid` are never used
  --> src\types\key_codes.rs:22:12
   |
13 | impl ScanCode {
   | ------------- associated items in this implementation
...
22 |     pub fn new(code: u16) -> Option<Self> {
   |            ^^^
...
29 |     pub fn from_option(code: u16) -> Option<Self> {
   |            ^^^^^^^^^^^
...
34 |     pub fn value(&self) -> u16 {
   |            ^^^^^
...
39 |     pub fn is_valid(&self) -> bool {
   |            ^^^^^^^^

warning: methods `step_count` and `total_delay` are never used
  --> src\types\macros.rs:53:12
   |
51 | impl Macro {
   | ---------- methods in this implementation
52 |     /// 鑾峰彇姝ラ鏁伴噺
53 |     pub fn step_count(&self) -> usize {
   |            ^^^^^^^^^^
...
58 |     pub fn total_delay(&self) -> u64 {
   |            ^^^^^^^^^^^

warning: method `current_macro_name` is never used
   --> src\types\macros.rs:188:18
    |
 93 | impl MacroRecorder {
    | ------------------ method in this implementation
...
188 |     pub async fn current_macro_name(&self) -> Option<String> {
    |                  ^^^^^^^^^^^^^^^^^^

warning: method `matches` is never used
  --> src\types\mapping.rs:43:12
   |
19 | impl MappingRule {
   | ---------------- method in this implementation
...
43 |     pub fn matches(&self, event: &InputEvent, context: &ContextInfo) -> bool {
   |            ^^^^^^^

warning: associated items `new`, `with_window_class`, `with_process_name`, `with_window_title`, and `with_executable_path` are never used
   --> src\types\mapping.rs:166:12
    |
165 | impl ContextCondition {
    | --------------------- associated items in this implementation
166 |     pub fn new() -> Self {
    |            ^^^
...
170 |     pub fn with_window_class(mut self, class: impl Into<String>) -> Self {
    |            ^^^^^^^^^^^^^^^^^
...
175 |     pub fn with_process_name(mut self, name: impl Into<String>) -> Self {
    |            ^^^^^^^^^^^^^^^^^
...
180 |     pub fn with_window_title(mut self, title: impl Into<String>) -> Self {
    |            ^^^^^^^^^^^^^^^^^
...
185 |     pub fn with_executable_path(mut self, path: impl Into<String>) -> Self {
    |            ^^^^^^^^^^^^^^^^^^^^

warning: `wakem` (bin "wakem") generated 53 warnings (6 duplicates) (run `cargo fix --bin "wakem" -p wakem` to apply 1 suggestion)
warning: unused doc comment
  --> tests\property_tests.rs:22:5
   |
22 |     /// 灞炴€?2: 绌烘ā寮忓彧鍖归厤绌哄瓧绗︿覆
   |     ^^^^^^^^^^^^^^^^^^^^^^^^^^^^^^^^ rustdoc does not generate documentation for macro invocations
   |
   = help: to document an item produced by a macro, the macro must produce the documentation as part of its expansion
   = note: `#[warn(unused_doc_comments)]` (part of `#[warn(unused)]`) on by default

warning: unused doc comment
  --> tests\property_tests.rs:32:5
   |
32 |     /// 灞炴€?3: 鏄熷彿妯″紡鍖归厤浠讳綍闈炵┖瀛楃涓?   |     ^^^^^^^^^^^^^^^^^^^^^^^^^^^^^^^^^^^^^^ rustdoc does not generate documentation for macro invocations
   |
   = help: to document an item produced by a macro, the macro must produce the documentation as part of its expansion

warning: unused doc comment
  --> tests\property_tests.rs:43:5
   |
43 |     /// 灞炴€?4: 鍓嶇紑鍖归厤灞炴€?- "prefix*" 搴旇鍖归厤浠?prefix 寮€澶寸殑瀛楃涓?   |     ^^^^^^^^^^^^^^^^^^^^^^^^^^^^^^^^^^^^^^^^^^^^^^^^^^^^^^^^^^^^^^^^^^^ rustdoc does not generate documentation for macro invocations
   |
   = help: to document an item produced by a macro, the macro must produce the documentation as part of its expansion

warning: unused doc comment
  --> tests\property_tests.rs:58:5
   |
58 |     /// 灞炴€?5: 鍚庣紑鍖归厤灞炴€?- "*suffix" 搴旇鍖归厤浠?suffix 缁撳熬鐨勫瓧绗︿覆
   |     ^^^^^^^^^^^^^^^^^^^^^^^^^^^^^^^^^^^^^^^^^^^^^^^^^^^^^^^^^^^^^^^^^^^ rustdoc does not generate documentation for macro invocations
   |
   = help: to document an item produced by a macro, the macro must produce the documentation as part of its expansion

warning: unused doc comment
  --> tests\property_tests.rs:73:5
   |
73 |     /// 灞炴€?6: 鍖呭惈鍖归厤灞炴€?- "*middle*" 搴旇鍖呭惈 middle 鐨勫瓧绗︿覆
   |     ^^^^^^^^^^^^^^^^^^^^^^^^^^^^^^^^^^^^^^^^^^^^^^^^^^^^^^^^^^^^^^ rustdoc does not generate documentation for macro invocations
   |
   = help: to document an item produced by a macro, the macro must produce the documentation as part of its expansion

warning: unused doc comment
  --> tests\property_tests.rs:89:5
   |
89 |     /// 灞炴€?7: 闂彿绮剧‘鍖归厤鍗曚釜瀛楃
   |     ^^^^^^^^^^^^^^^^^^^^^^^^^^^^^^^^ rustdoc does not generate documentation for macro invocations
   |
   = help: to document an item produced by a macro, the macro must produce the documentation as part of its expansion

warning: unused doc comment
   --> tests\property_tests.rs:109:5
    |
109 |     /// 灞炴€?8: 瀛楁瘝閿悕澶у皬鍐欎笉鏁忔劅锛堝鏋滃疄鐜版敮鎸侊級
    |     ^^^^^^^^^^^^^^^^^^^^^^^^^^^^^^^^^^^^^^^^^^^^^^^^ rustdoc does not generate documentation for macro invocations
    |
    = help: to document an item produced by a macro, the macro must produce the documentation as part of its expansion

warning: unused doc comment
   --> tests\property_tests.rs:134:5
    |
134 |     /// 灞炴€?9: 鏁板瓧閿悕搴旇杩斿洖鏈夋晥鐨勬壂鎻忕爜鍜岃櫄鎷熼敭鐮?    |     ^^^^^^^^^^^^^^^^^^^^^^^^^^^^^^^^^^^^^^^^^^^^^^^^^^ rustdoc does not generate documentation for macro invocations
    |
    = help: to document an item produced by a macro, the macro must produce the documentation as part of its expansion

warning: unused doc comment
   --> tests\property_tests.rs:154:5
    |
154 |     /// 灞炴€?10: ModifierState 鍚堝苟鐨勫箓绛夋€?- 鍚堝苟鐩稿悓鐘舵€佷袱娆″簲璇ヤ笌鍚堝苟涓€娆＄浉鍚?    |     ^^^^^^^^^^^^^^^^^^^^^^^^^^^^^^^^^^^^^^^^^^^^^^^^^^^^^^^^^^^^^^^^^^^^^^^^^^^^ rustdoc does not generate documentation for macro invocations
    |
    = help: to document an item produced by a macro, the macro must produce the documentation as part of its expansion

warning: unused doc comment
   --> tests\property_tests.rs:185:5
    |
185 |     /// 灞炴€?11: ModifierState 鍚堝苟鐨勭粨鍚堝緥 - (a + b) + c == a + (b + c)
    |     ^^^^^^^^^^^^^^^^^^^^^^^^^^^^^^^^^^^^^^^^^^^^^^^^^^^^^^^^^^^^^^^^^^^^ rustdoc does not generate documentation for macro invocations
    |
    = help: to document an item produced by a macro, the macro must produce the documentation as part of its expansion

warning: unused doc comment
   --> tests\property_tests.rs:217:5
    |
217 |     /// 灞炴€?12: ModifierState 鍚堝苟鐨勪氦鎹㈠緥 - a + b == b + a
    |     ^^^^^^^^^^^^^^^^^^^^^^^^^^^^^^^^^^^^^^^^^^^^^^^^^^^^^^^^ rustdoc does not generate documentation for macro invocations
    |
    = help: to document an item produced by a macro, the macro must produce the documentation as part of its expansion

warning: unused doc comment
   --> tests\property_tests.rs:247:5
    |
247 |     /// 灞炴€?13: KeyEvent 鐨?is_injected() 涓€鑷存€?    |     ^^^^^^^^^^^^^^^^^^^^^^^^^^^^^^^^^^^^^^^^^^^^^ rustdoc does not generate documentation for macro invocations
    |
    = help: to document an item produced by a macro, the macro must produce the documentation as part of its expansion

warning: unused doc comment
   --> tests\property_tests.rs:270:5
    |
270 |     /// 灞炴€?14: MouseEvent 鐨勫潗鏍囦竴鑷存€?    |     ^^^^^^^^^^^^^^^^^^^^^^^^^^^^^^^^^^^^ rustdoc does not generate documentation for macro invocations
    |
    = help: to document an item produced by a macro, the macro must produce the documentation as part of its expansion

warning: unused doc comment
   --> tests\property_tests.rs:317:5
    |
317 | /     /// 灞炴€?15: Config 搴忓垪鍖栧線杩斾竴鑷存€?318 | |     ///
319 | |     /// 娉ㄦ剰锛氭娴嬭瘯闇€瑕佹湁鏁堢殑閰嶇疆缁撴瀯锛岀畝鍖栫増鏈祴璇曞熀鏈被鍨?    | |_____------------------------------------------------------^^
    |       |
    |       rustdoc does not generate documentation for macro invocations
    |
    = help: to document an item produced by a macro, the macro must produce the documentation as part of its expansion

warning: unused doc comment
   --> tests\property_tests.rs:358:5
    |
358 | /     /// 灞炴€?16: 閫氶厤绗﹀尮閰嶆椂闂村鏉傚害鍚堢悊鎬?359 | |     ///
360 | |     /// 楠岃瘉鍖归厤鎿嶄綔涓嶄細鍥犺緭鍏ラ暱搴﹁€屽嚭鐜版寚鏁扮骇澧為暱
    | |_____--------------------------------------------^^
    |       |
    |       rustdoc does not generate documentation for macro invocations
    |
    = help: to document an item produced by a macro, the macro must produce the documentation as part of its expansion

warning: unused doc comment
   --> tests\property_tests.rs:385:5
    |
385 | /     /// 灞炴€?17: 澶ч噺浜嬩欢鎵瑰鐞嗙殑鍐呭瓨瀹夊叏鎬?386 | |     ///
387 | |     /// 楠岃瘉澶勭悊澶ч噺浜嬩欢涓嶄細瀵艰嚧鍐呭瓨闂
    | |_____----------------------------------^^
    |       |
    |       rustdoc does not generate documentation for macro invocations
    |
    = help: to document an item produced by a macro, the macro must produce the documentation as part of its expansion

warning: unused doc comment
   --> tests\property_tests.rs:429:5
    |
429 |     /// 灞炴€?18: 鐗规畩 Unicode 瀛楃鐨勫鐞?    |     ^^^^^^^^^^^^^^^^^^^^^^^^^^^^^^^^^^^^ rustdoc does not generate documentation for macro invocations
    |
    = help: to document an item produced by a macro, the macro must produce the documentation as part of its expansion

warning: unused doc comment
   --> tests\property_tests.rs:445:5
    |
445 |     /// 灞炴€?19: 闀挎ā寮忓瓧绗︿覆鐨勫鐞?    |     ^^^^^^^^^^^^^^^^^^^^^^^^^^^^^^^ rustdoc does not generate documentation for macro invocations
    |
    = help: to document an item produced by a macro, the macro must produce the documentation as part of its expansion

warning: unused doc comment
   --> tests\property_tests.rs:467:5
    |
467 |     /// 灞炴€?20: 澶氭槦鍙锋ā寮忕殑绛変环鎬?    |     ^^^^^^^^^^^^^^^^^^^^^^^^^^^^^^^ rustdoc does not generate documentation for macro invocations
    |
    = help: to document an item produced by a macro, the macro must produce the documentation as part of its expansion

